OpenvinoInfer(Handle,DictHandle)
short.ascii=Laplace Filter.
keywords=UserExtensions
module=0 Foundation
parameter=Handle
parameter_class=input_control
type_list=handle
default_type=handle
sem_type=handle
multivalue=false
parameter=DictHandle
parameter_class=input_control
type_list=handle
default_type=handle
sem_type=handle
multivalue=false
OpenvinoLoadModel(DictHandle,Handle)
short.ascii=Laplace Filter.
keywords=UserExtensions
module=0 Foundation
parameter=DictHandle
parameter_class=input_control
type_list=handle
default_type=handle
sem_type=handle
multivalue=false
parameter=Handle
parameter_class=output_control
type_list=handle
default_type=handle
sem_type=handle
multivalue=false
