d:\desktop\source\halcon_extension\halcon_youlobe\build\halcon_youlobecppint.dir\debug\vc143.pdb
d:\desktop\source\halcon_extension\halcon_youlobe\build\halcon_youlobecppint.dir\debug\hcpphalcon_youlobe.obj
d:\desktop\source\halcon_extension\halcon_youlobe\build\hcpphalcon_youlobe.cpp
d:\desktop\source\halcon_extension\halcon_youlobe\build\hcpphalcon_youlobe.h
d:\desktop\source\halcon_extension\halcon_youlobe\build\cmakefiles\generate.stamp
d:\desktop\source\halcon_extension\halcon_youlobe\bin\halcon_youlobecpp.dll
d:\desktop\source\halcon_extension\halcon_youlobe\bin\halcon_youlobecpp.pdb
d:\desktop\source\halcon_extension\halcon_youlobe\bin\halcon_youlobecpp.lib
d:\desktop\source\halcon_extension\halcon_youlobe\bin\halcon_youlobecpp.exp
d:\desktop\source\halcon_extension\halcon_youlobe\build\halcon_youlobecppint.dir\debug\halcon_youlobecpp.ilk
d:\desktop\source\halcon_extension\halcon_youlobe\build\halcon_youlobecppint.dir\debug\halcon_y.a695a38b.tlog\cl.command.1.tlog
d:\desktop\source\halcon_extension\halcon_youlobe\build\halcon_youlobecppint.dir\debug\halcon_y.a695a38b.tlog\cl.items.tlog
d:\desktop\source\halcon_extension\halcon_youlobe\build\halcon_youlobecppint.dir\debug\halcon_y.a695a38b.tlog\cl.read.1.tlog
d:\desktop\source\halcon_extension\halcon_youlobe\build\halcon_youlobecppint.dir\debug\halcon_y.a695a38b.tlog\cl.write.1.tlog
d:\desktop\source\halcon_extension\halcon_youlobe\build\halcon_youlobecppint.dir\debug\halcon_y.a695a38b.tlog\custombuild.command.1.tlog
d:\desktop\source\halcon_extension\halcon_youlobe\build\halcon_youlobecppint.dir\debug\halcon_y.a695a38b.tlog\custombuild.read.1.tlog
d:\desktop\source\halcon_extension\halcon_youlobe\build\halcon_youlobecppint.dir\debug\halcon_y.a695a38b.tlog\custombuild.write.1.tlog
d:\desktop\source\halcon_extension\halcon_youlobe\build\halcon_youlobecppint.dir\debug\halcon_y.a695a38b.tlog\link.command.1.tlog
d:\desktop\source\halcon_extension\halcon_youlobe\build\halcon_youlobecppint.dir\debug\halcon_y.a695a38b.tlog\link.read.1.tlog
d:\desktop\source\halcon_extension\halcon_youlobe\build\halcon_youlobecppint.dir\debug\halcon_y.a695a38b.tlog\link.secondary.1.tlog
d:\desktop\source\halcon_extension\halcon_youlobe\build\halcon_youlobecppint.dir\debug\halcon_y.a695a38b.tlog\link.write.1.tlog
