d:\desktop\source\halcon_extension\halcon_youlobe\build\halcon_youlobecint.dir\debug\vc143.pdb
d:\desktop\source\halcon_extension\halcon_youlobe\build\halcon_youlobecint.dir\debug\hchalcon_youlobe.obj
d:\desktop\source\halcon_extension\halcon_youlobe\build\hchalcon_youlobe.c
d:\desktop\source\halcon_extension\halcon_youlobe\build\hchalcon_youlobe.h
d:\desktop\source\halcon_extension\halcon_youlobe\build\cmakefiles\generate.stamp
d:\desktop\source\halcon_extension\halcon_youlobe\bin\halcon_youlobec.dll
d:\desktop\source\halcon_extension\halcon_youlobe\bin\halcon_youlobec.pdb
d:\desktop\source\halcon_extension\halcon_youlobe\bin\halcon_youlobec.lib
d:\desktop\source\halcon_extension\halcon_youlobe\bin\halcon_youlobec.exp
d:\desktop\source\halcon_extension\halcon_youlobe\build\halcon_youlobecint.dir\debug\halcon_youlobec.ilk
d:\desktop\source\halcon_extension\halcon_youlobe\build\halcon_youlobecint.dir\debug\halcon_y.d6e454c6.tlog\cl.command.1.tlog
d:\desktop\source\halcon_extension\halcon_youlobe\build\halcon_youlobecint.dir\debug\halcon_y.d6e454c6.tlog\cl.items.tlog
d:\desktop\source\halcon_extension\halcon_youlobe\build\halcon_youlobecint.dir\debug\halcon_y.d6e454c6.tlog\cl.read.1.tlog
d:\desktop\source\halcon_extension\halcon_youlobe\build\halcon_youlobecint.dir\debug\halcon_y.d6e454c6.tlog\cl.write.1.tlog
d:\desktop\source\halcon_extension\halcon_youlobe\build\halcon_youlobecint.dir\debug\halcon_y.d6e454c6.tlog\custombuild.command.1.tlog
d:\desktop\source\halcon_extension\halcon_youlobe\build\halcon_youlobecint.dir\debug\halcon_y.d6e454c6.tlog\custombuild.read.1.tlog
d:\desktop\source\halcon_extension\halcon_youlobe\build\halcon_youlobecint.dir\debug\halcon_y.d6e454c6.tlog\custombuild.write.1.tlog
d:\desktop\source\halcon_extension\halcon_youlobe\build\halcon_youlobecint.dir\debug\halcon_y.d6e454c6.tlog\link.command.1.tlog
d:\desktop\source\halcon_extension\halcon_youlobe\build\halcon_youlobecint.dir\debug\halcon_y.d6e454c6.tlog\link.read.1.tlog
d:\desktop\source\halcon_extension\halcon_youlobe\build\halcon_youlobecint.dir\debug\halcon_y.d6e454c6.tlog\link.secondary.1.tlog
d:\desktop\source\halcon_extension\halcon_youlobe\build\halcon_youlobecint.dir\debug\halcon_y.d6e454c6.tlog\link.write.1.tlog
