c:\users\young\desktop\source\halcon_extension\halcon_youlobe\build\halcon_youlobe.dir\debug\vc143.pdb
c:\users\young\desktop\source\halcon_extension\halcon_youlobe\build\halcon_youlobe.dir\debug\halcon_youlobe.obj
c:\users\young\desktop\source\halcon_extension\halcon_youlobe\build\halcon_youlobe.dir\debug\hhalcon_youlobe.obj
c:\users\young\desktop\source\halcon_extension\halcon_youlobe\build\halcon_youlobe.dir\debug\halcon_openvino.obj
c:\users\young\desktop\source\halcon_extension\halcon_youlobe\build\hhalcon_youlobe.c
c:\users\young\desktop\source\halcon_extension\halcon_youlobe\build\cmakefiles\generate.stamp
c:\users\young\desktop\source\halcon_extension\halcon_youlobe\bin\halcon_youlobe.pdb
c:\users\young\desktop\source\halcon_extension\halcon_youlobe\build\halcon_youlobe.dir\debug\halcon_youlobe.tlog\cl.command.1.tlog
c:\users\young\desktop\source\halcon_extension\halcon_youlobe\build\halcon_youlobe.dir\debug\halcon_youlobe.tlog\cl.read.1.tlog
c:\users\young\desktop\source\halcon_extension\halcon_youlobe\build\halcon_youlobe.dir\debug\halcon_youlobe.tlog\cl.write.1.tlog
c:\users\young\desktop\source\halcon_extension\halcon_youlobe\build\halcon_youlobe.dir\debug\halcon_youlobe.tlog\custombuild.command.1.tlog
c:\users\young\desktop\source\halcon_extension\halcon_youlobe\build\halcon_youlobe.dir\debug\halcon_youlobe.tlog\custombuild.read.1.tlog
c:\users\young\desktop\source\halcon_extension\halcon_youlobe\build\halcon_youlobe.dir\debug\halcon_youlobe.tlog\custombuild.write.1.tlog
c:\users\young\desktop\source\halcon_extension\halcon_youlobe\build\halcon_youlobe.dir\debug\halcon_youlobe.tlog\link-cvtres.read.1.tlog
c:\users\young\desktop\source\halcon_extension\halcon_youlobe\build\halcon_youlobe.dir\debug\halcon_youlobe.tlog\link-cvtres.write.1.tlog
c:\users\young\desktop\source\halcon_extension\halcon_youlobe\build\halcon_youlobe.dir\debug\halcon_youlobe.tlog\link-rc.read.1.tlog
c:\users\young\desktop\source\halcon_extension\halcon_youlobe\build\halcon_youlobe.dir\debug\halcon_youlobe.tlog\link-rc.write.1.tlog
c:\users\young\desktop\source\halcon_extension\halcon_youlobe\build\halcon_youlobe.dir\debug\halcon_youlobe.tlog\link.command.1.tlog
c:\users\young\desktop\source\halcon_extension\halcon_youlobe\build\halcon_youlobe.dir\debug\halcon_youlobe.tlog\link.read.1.tlog
c:\users\young\desktop\source\halcon_extension\halcon_youlobe\build\halcon_youlobe.dir\debug\halcon_youlobe.tlog\link.read.2.tlog
c:\users\young\desktop\source\halcon_extension\halcon_youlobe\build\halcon_youlobe.dir\debug\halcon_youlobe.tlog\link.write.1.tlog
